Rietveld refinement to file(s) Gruppen Lorena Einhornherde_YBCO.xy
BGMN version 4.2.22, 5086 measured points, 150 peaks, 34 parameters
Start: Thu Jul  6 17:30:56 2023; End: Thu Jul  6 17:31:07 2023
74 iteration steps

Rp=12.02%  Rpb=55.26%  R=24.32%  Rwp=16.83% Rexp=3.03%
Durbin-Watson d=0.10
1-rho=15.6%

Global parameters and GOALs
****************************
QYttriumBaryumCopperOxide=0.9748+-0.0036
QY2O3=0.0252+-0.0036
EPS2=0.000182+-0.000022

Local parameters and GOALs for phase YttriumBaryumCopperOxide
******************************************************
SpacegroupNo=123
HermannMauguin=P4/m2/m2/m
XrayDensity=6.158
Rphase=24.55%
UNIT=NM
A=0.386285+-0.000031
C=1.16642
B1=0.00898+-0.00028
GEWICHT=SPHAR4, MeanValue(GEWICHT)=0.158788
Atomic positions for phase YttriumBaryumCopperOxide
---------------------------------------------
  2     0.5000  0.5000  0.1941     E=(BA(1.0000))
  1     0.0000  0.0000  0.0000     E=(CU(0.9260))
  2     0.0000  0.0000  0.3606     E=(CU(1.0000))
  2     0.0000  0.0000  0.1516     E=(O(1.0000))
  4     0.0000  0.5000  0.3784     E=(O(1.0000))
  1     0.5000  0.5000  0.5000     E=(Y(1.0000))

Local parameters and GOALs for phase Y2O3
******************************************************
SpacegroupNo=206
HermannMauguin=I2_1/a-3
XrayDensity=5.076
Rphase=13.39%
UNIT=NM
A=1.05727+-0.00028
B1=0.0037+-0.0014
GEWICHT=0.00411+-0.00060
Atomic positions for phase Y2O3
---------------------------------------------
 48     0.3890  0.1500  0.3770     E=(O-2(1.0000))
  8     0.2500  0.2500  0.2500     E=(Y+3(1.0000))
 24     0.9686  0.0000  0.2500     E=(Y+3(1.0000))
