Rietveld refinement to file(s) UiO-66-1E.xy
BGMN version 4.2.22, 4800 measured points, 59 peaks, 31 parameters
Start: Sun Jul 23 18:23:43 2023; End: Sun Jul 23 18:24:00 2023
208 iteration steps

Rp=9.39%  Rpb=27.18%  R=17.30%  Rwp=9.56% Rexp=1.46%
Durbin-Watson d=0.07
1-rho=2.82%

Global parameters and GOALs
****************************
QUiO66=1.00000
EPS2=-0.0010828+-0.0000088

Local parameters and GOALs for phase UiO66
******************************************************
SpacegroupNo=225
HermannMauguin=F4/m-32/m
XrayDensity=1.412
Rphase=12.87%
UNIT=NM
A=2.073127+-0.000090
B1=0.00849+-0.00011
GEWICHT=SPHAR4, MeanValue(GEWICHT)=1.88154
Atomic positions for phase UiO66
---------------------------------------------
 48     0.0000  0.1518  0.1518     E=(C(0.7270))
 48     0.0000  0.2028  0.2028     E=(C(0.7270))
 96     0.0000  0.1853  0.2671     E=(C(0.7270))
 96     0.0000  0.1411  0.2789     E=(H(0.7270))
 32     0.0505  0.0505  0.0505     E=(O(0.4600))
 32     0.0674  0.0674  0.0674     E=(O(0.5400))
 96     0.0000  0.1702  0.0940     E=(O(0.7270))
 96     0.0000  0.1882  0.0825     E=(O(0.2730))
 32     0.1511  0.1511  0.1511     E=(O(0.5600))
 32     0.2108  0.2108  0.2108     E=(O(1.0000))
 24     0.3730  0.0000  0.0000     E=(O(1.0000))
 32     0.3960  0.3960  0.3960     E=(O(0.8000))
 24     0.1197  0.0000  0.0000     E=(ZR(1.0000))
