Rietveld refinement to file(s) 6b_5-100_15min_rot_1-3.xy
BGMN version 4.2.22, 430 measured points, 5 peaks, 17 parameters
Start: Sat Jul  8 15:28:49 2023; End: Sat Jul  8 15:28:50 2023
49 iteration steps

Rp=5.60%  Rpb=95.52%  R=6.98%  Rwp=6.98% Rexp=4.10%
Durbin-Watson d=0.86
1-rho=59.2%

Global parameters and GOALs
****************************
QNickel=1.00000
EPS2=-0.00033+-0.00048

Local parameters and GOALs for phase Nickel
******************************************************
SpacegroupNo=225
HermannMauguin=F4/m-32/m
XrayDensity=9.148
Rphase=9.78%
UNIT=NM
A=0.349322
k1=0
B1=0.0344+-0.0078
GrainSize(1,0,0)=12.3+-2.8
GEWICHT=0.0096+-0.0016
Atomic positions for phase Nickel
---------------------------------------------
  4     0.0000  0.0000  0.0000     E=(NI(1.0000))
