Rietveld refinement to file(s) UiO-66-1A.xy
BGMN version 4.2.22, 4800 measured points, 59 peaks, 31 parameters
Start: Sun Jul 23 18:22:25 2023; End: Sun Jul 23 18:22:43 2023
256 iteration steps

Rp=13.94%  Rpb=42.70%  R=28.52%  Rwp=12.51% Rexp=1.92%
Durbin-Watson d=0.07
1-rho=4.94%

Global parameters and GOALs
****************************
QUiO66=1.00000
EPS2=-0.000448+-0.000011

Local parameters and GOALs for phase UiO66
******************************************************
SpacegroupNo=225
HermannMauguin=F4/m-32/m
XrayDensity=1.404
Rphase=17.88%
UNIT=NM
A=2.07702+-0.00012
B1=0.00794+-0.00014
GEWICHT=SPHAR4, MeanValue(GEWICHT)=1.01056
Atomic positions for phase UiO66
---------------------------------------------
 48     0.0000  0.1518  0.1518     E=(C(0.7270))
 48     0.0000  0.2028  0.2028     E=(C(0.7270))
 96     0.0000  0.1853  0.2671     E=(C(0.7270))
 96     0.0000  0.1411  0.2789     E=(H(0.7270))
 32     0.0505  0.0505  0.0505     E=(O(0.4600))
 32     0.0674  0.0674  0.0674     E=(O(0.5400))
 96     0.0000  0.1702  0.0940     E=(O(0.7270))
 96     0.0000  0.1882  0.0825     E=(O(0.2730))
 32     0.1511  0.1511  0.1511     E=(O(0.5600))
 32     0.2108  0.2108  0.2108     E=(O(1.0000))
 24     0.3730  0.0000  0.0000     E=(O(1.0000))
 32     0.3960  0.3960  0.3960     E=(O(0.8000))
 24     0.1197  0.0000  0.0000     E=(ZR(1.0000))
