Rietveld refinement to file(s) UiO-66_4b.xy
BGMN version 4.2.22, 4800 measured points, 59 peaks, 31 parameters
Start: Sun Jul 23 18:22:44 2023; End: Sun Jul 23 18:23:03 2023
270 iteration steps

Rp=8.66%  Rpb=24.84%  R=12.98%  Rwp=8.87% Rexp=1.66%
Durbin-Watson d=0.11
1-rho=2.58%

Global parameters and GOALs
****************************
QUiO66=1.00000
EPS2=-0.0006373+-0.0000085

Local parameters and GOALs for phase UiO66
******************************************************
SpacegroupNo=225
HermannMauguin=F4/m-32/m
XrayDensity=1.404
Rphase=11.06%
UNIT=NM
A=2.076850+-0.000092
B1=0.0100000
GEWICHT=SPHAR4, MeanValue(GEWICHT)=1.27441
Atomic positions for phase UiO66
---------------------------------------------
 48     0.0000  0.1518  0.1518     E=(C(0.7270))
 48     0.0000  0.2028  0.2028     E=(C(0.7270))
 96     0.0000  0.1853  0.2671     E=(C(0.7270))
 96     0.0000  0.1411  0.2789     E=(H(0.7270))
 32     0.0505  0.0505  0.0505     E=(O(0.4600))
 32     0.0674  0.0674  0.0674     E=(O(0.5400))
 96     0.0000  0.1702  0.0940     E=(O(0.7270))
 96     0.0000  0.1882  0.0825     E=(O(0.2730))
 32     0.1511  0.1511  0.1511     E=(O(0.5600))
 32     0.2108  0.2108  0.2108     E=(O(1.0000))
 24     0.3730  0.0000  0.0000     E=(O(1.0000))
 32     0.3960  0.3960  0.3960     E=(O(0.8000))
 24     0.1197  0.0000  0.0000     E=(ZR(1.0000))
